1018213540.rsc.cdn77.org
24h.tv
5post.market
absolutbank.com
alefbank.com
altbank.com
altynbank.com
animego.me
astrasend.net
autobahn.db.com
aviasales.com
avito.st
avs.io
baltinvestbank.com
bank131.com
bitrix.info
bk.mufg.jp
boosty.to
checkip.amazonaws.com
chizhik.club
corona-perevod.com
coronaperevod.com
dbo-dengi.online
dodois.com
dodois.io
dodopizza.com
dodostatic.net
doktor.kr
donationalerts.com
drweb-av.de
drweb-av.es
drweb-av.it
drweb-av.pl
drweb.by
drweb.cn
drweb.co.jp
drweb.com
drweb.fr
drweb.kz
drweb.uz
eleksir.finance
emias.info
energotransbank.com
er-fin.com
evrasia.rest
fix-price.com
granat.az
home.bank
host1861554.hostland.pro
hva.im
ifconfig.me
ipify.org
kamkombank.pro
kaspersky-labs.com
kaspersky.be
kaspersky.ca
kaspersky.co.in
kaspersky.co.jp
kaspersky.co.kr
kaspersky.co.th
kaspersky.co.uk
kaspersky.co.za
kaspersky.com
kaspersky.com.au
kaspersky.com.br
kaspersky.com.cn
kaspersky.com.hk
kaspersky.com.pl
kaspersky.com.tr
kaspersky.com.tw
kaspersky.com.vn
kaspersky.cz
kaspersky.de
kaspersky.dk
kaspersky.dz
kaspersky.es
kaspersky.fi
kaspersky.fr
kaspersky.gr
kaspersky.it
kaspersky.kz
kaspersky.ma
kaspersky.my
kaspersky.nl
kaspersky.pt
kaspersky.ro
kaspersky.rs
kaspersky.se
keyword:halva.
keyword:kuban-credit.
keyword:kubancredit.
keyword:perevod-korona.
keyword:sovcombank.
keyword:xn----7sbcoetidz6azac4j.
keyword:xn--80abkdqhcx2axc5i.
kinopoisk-ru.clstorage.net
kinorium.com
kk.bank
korona-perevod.com
korona.com
korona.net
koronapay.com
koronaperevod.com
kuban.credit
lenta.com
lenta.tech
locko-bank.info
mangalib.me
maritimebank.com
memealerts.com
mizuhogroup.com
moex.com
moscow
mosmetro.tech
mradx.net
mvk.com
mycdn.me
nationalclearingcenter.com
nationalclearingcentre.com
naydex.net
ncc-qccp.com
netmonet.co
ngenix.net
noda.finance
okko.sport
okko.tv
okolo.app
ozonusercontent.com
paywb.com
perekrestok.com
perevodkorona.com
premier.one
priovtb.com
probank.pro
procombank.com
prostobank.online
psk
pskb.com
pvubank.com
restream-media.net
roscap.com
rostaxi.org
rshb.pro
ru
ru.abchina.com
ru.ccb.com
ru.com
ru.net
rusagrobank.com
sberbank.com
scb.im
set.ki
showip.net
sistema-capital.com
slavia-bank.com
slaviabank.com
smotreshka.tv
spbbank.com
su
t1.cloud
tamtam.chat
tatar
taxsee.com
tbank-online.com
tips.tips
tochka-tech.com
tochka.com
trbcdn.net
turbopages.org
ubs.com
uni.rest
unirest.tech
unistream.com
userapi.com
vakobank.com
vk-apps.com
vk-cdn.me
vk-cdn.net
vk-portal.net
vk.cc
vk.com
vk.company
vk.design
vk.link
vk.me
vk.team
vkcache.com
vkgo.app
vklive.app
vkmessenger.app
vkmessenger.com
vkuser.net
vkuseraudio.com
vkuseraudio.net
vkuserlive.net
vkuservideo.com
vkuservideo.net
webvisor.com
webvisor.org
x5.ai
x5.com
x5.digital
x5.group
x5.media
x5.team
x5.tech
x5static.net
xn--80adxhks
xn--80asehdb
xn--80aswg
xn--c1avg
xn--d1acj3b
xn--p1acf
xn--p1ai
yads.tech
yandex
yandex-bank.net
yandex-images.clstorage.net
yandex-pogoda.static-storage.net
yandex.aero
yandex.az
yandex.by
yandex.cloud
yandex.co.il
yandex.com
yandex.com.am
yandex.com.ge
yandex.com.tr
yandex.com.ua
yandex.de
yandex.ee
yandex.eu
yandex.fi
yandex.fr
yandex.jobs
yandex.kg
yandex.kz
yandex.lt
yandex.lv
yandex.md
yandex.net
yandex.org
yandex.pl
yandex.st
yandex.sx
yandex.tj
yandex.tm
yandex.tr
yandex.ua
yandex.uz
yandexadexchange.net
yandexcloud.net
yandexcom.net
yandexmetrica.com
yandexwebcache.net
yandexwebcache.org
yastat.net
yastatic.net
yclients.com
